
====================================================================================
ITEM 57 — REAL-BAR REPLAY HARNESS  [run: C15_ARM1_UNMODULATED]
====================================================================================
  sandbox engine generated: scripts/__sandbox_item57__/signalEngine.replay.ts (9384 lines)
  tape end pinned at: 2026-08-17T15:00:00.000Z (--tape-end)
  ZONE BATCH STAMP (before replay): max updated_at=2026-08-17T19:30:10.12+00:00 rows=22
  real M1 bars loaded: 13832
  window: 2026-08-03T15:00:00.000Z -> 2026-08-17T15:00:00.000Z
  price range: $4029.67 .. $4449.72
  (contrast: runSignalSimulation.ts base price 3034.5 — off by ~$1,200)
  engine loaded, injection hook present.
  ARM: UNMODULATED (empty weight store, modulation -> 1.0 cold start)
  sampling: warmup 300 bars, step 3 bars
  settings: PRODUCTION defaults from contexts/TradingContext.tsx:43-56
    {"tp1Pips":49,"tp2Pips":74,"tp3Pips":98,"slPips":70,"numberOfTPs":3,"minConfidence":0.68,"enableNotifications":true,"enableTelegramNotifier":true,"basePositionSize":0.01,"maxRiskPercentage":2,"useKellyCriterion":true,"useDynamicSL":false,"maxSLPips":90,"allowShortSignals":true}
  settings overrides applied: allowShortSignals=true

====================================================================================
REPLAY RESULT (real bars)
====================================================================================
  generation attempts : 340
  signals emitted     : 15  (4.4%)
  EXCEPTIONS          : 0 of 340 evaluations
  TIER0_UNAVAILABLE   : 0 of 340 evaluations

  REJECTION REASONS (template-aggregated, top 25):
      179   52.6%  Status: NEUTRAL / STAND DOWN
      178   52.4%  ❌ REJECTED: Winning strength <N> below conviction threshold <N>
      160   47.1%  ❌ REJECTED: Confidence <N>% below threshold <N>% (EV <N>R)
       37   10.9%  ❌ REJECTED: UTC hour <N> is a blocked window (measured negative expectancy across the audited sample)
       32    9.4%  ❌ REJECTED: Counter-trend drift veto — BUY fights a $<N> adverse impulse (>= <N> = <N> x ATR <N>)
       22    6.5%  ❌ REJECTED: Quality Gate — Nearest zone @ <N> has confluence <N> (< <N>)
       19    5.6%  ❌ REJECTED: Quality Gate — ATR too low (<N> pips) — insufficient volatility for target chase
       17    5.0%  ❌ REJECTED: Counter-trend signal at mid-range RSI requires <N>-min candle OR OB/QM/Sweep confirmation
       15    4.4%  ❌ REJECTED: Counter-trend drift veto — SELL fights a $<N> adverse impulse (>= <N> = <N> x ATR <N>)
        5    1.5%  ❌ REJECTED: Structural Validation Failed
        3    0.9%  ❌ REJECTED: noise floor unreachable — a <N> x ATR stop needs <N> pips but maxSLPips is <N> (ATR <N>)
        3    0.9%  ❌ REJECTED: Quality Gate — BUY blocked at RSI <N> outside a trending regime
        3    0.9%  ❌ BASELINE OPPOSING-STRUCTURE VETO: BUY REJECTED: within <N> of a real RESISTANCE zone @ <N> (reaction <N>%, <N> touches
        3    0.9%  BUY REJECTED: within <N> of a real RESISTANCE zone @ <N> (reaction <N>%, <N> touches) with no confirmed favorable reacti
        2    0.6%  ❌ BASELINE OPPOSING-STRUCTURE VETO: SELL REJECTED: within <N> of a real SUPPORT zone @ <N> (reaction <N>%, <N> touches) 
        2    0.6%  SELL REJECTED: within <N> of a real SUPPORT zone @ <N> (reaction <N>%, <N> touches) with no confirmed favorable reaction
        2    0.6%  ❌ REJECTED: Quality Gate — Low participation (volume ratio <N> < <N>)
        1    0.3%  🛡️ EXCEPTION BLOCKED: Large movement/trend change detected BUT structural conditions not met
        1    0.3%  ❌ REJECTED: Quality Gate — RANGING regime with no confirmed S/R reaction
        1    0.3%  ❌ REJECTED: Strength difference <N> too small (regime RANGING min: <N>)

  WINNING-STRENGTH DISTRIBUTION (every value at the conviction gate):
    n                    : 340
    conviction min OBSERVED FROM THE ENGINE: 0.55
    min / max            : 0.0000 / 1.2050
    mean                 : 0.5294
    q 5                  : 0.1800
    q10                  : 0.2000
    q25                  : 0.3300
    q50                  : 0.5350
    q75                  : 0.6550
    q90                  : 0.9050
    q95                  : 1.0050
    q99                  : 1.0850
    PASS RATE at 0.55: 162/340 = 47.6%
  WS_VECTOR_BEGIN 0.0000,0.0000,0.0000,0.0000,0.0500,0.0500,0.0500,0.0500,0.0700,0.0700,0.1200,0.1200,0.1200,0.1500,0.1800,0.1800,0.1800,0.1800,0.1800,0.1800,0.1800,0.1800,0.1800,0.1800,0.1800,0.1800,0.1800,0.1800,0.1800,0.2000,0.2000,0.2000,0.2000,0.2000,0.2000,0.2000,0.2000,0.2000,0.2000,0.2000,0.2000,0.2200,0.2200,0.2200,0.2200,0.2300,0.2300,0.2500,0.2500,0.2500,0.2500,0.2500,0.2500,0.2500,0.2500,0.2500,0.3000,0.3000,0.3000,0.3000,0.3000,0.3000,0.3000,0.3000,0.3000,0.3000,0.3000,0.3000,0.3000,0.3000,0.3000,0.3000,0.3000,0.3000,0.3000,0.3000,0.3000,0.3000,0.3000,0.3200,0.3200,0.3200,0.3200,0.3200,0.3300,0.3300,0.3300,0.3300,0.3800,0.3800,0.3800,0.3800,0.3800,0.3800,0.3800,0.3800,0.3800,0.3800,0.4000,0.4000,0.4000,0.4100,0.4100,0.4200,0.4500,0.4500,0.4500,0.4500,0.4500,0.4500,0.4500,0.4500,0.4500,0.4500,0.4500,0.4500,0.4500,0.4500,0.4500,0.4500,0.4500,0.4500,0.4500,0.4500,0.4500,0.4500,0.4500,0.4500,0.4500,0.4550,0.4600,0.4600,0.4600,0.4600,0.4600,0.4600,0.4600,0.4600,0.4600,0.4600,0.4600,0.4600,0.4790,0.5000,0.5000,0.5000,0.5000,0.5000,0.5100,0.5100,0.5300,0.5300,0.5300,0.5300,0.5300,0.5300,0.5300,0.5300,0.5300,0.5300,0.5300,0.5300,0.5300,0.5300,0.5350,0.5350,0.5350,0.5350,0.5350,0.5350,0.5350,0.5350,0.5350,0.5350,0.5350,0.5350,0.5350,0.5400,0.5500,0.5500,0.5500,0.5500,0.5500,0.5500,0.5500,0.5500,0.5500,0.5500,0.5500,0.5500,0.5500,0.5500,0.5500,0.5500,0.5500,0.5600,0.5700,0.5700,0.5700,0.5700,0.5700,0.5700,0.5700,0.5700,0.5790,0.5790,0.5800,0.5800,0.5800,0.5800,0.5800,0.5850,0.5850,0.5850,0.5850,0.5850,0.5850,0.5850,0.5850,0.5850,0.5850,0.5900,0.5990,0.5990,0.5990,0.6050,0.6050,0.6150,0.6300,0.6300,0.6300,0.6300,0.6300,0.6300,0.6300,0.6300,0.6300,0.6350,0.6350,0.6350,0.6350,0.6350,0.6350,0.6400,0.6400,0.6500,0.6500,0.6500,0.6500,0.6500,0.6500,0.6550,0.6550,0.6550,0.6550,0.6550,0.6550,0.6750,0.6750,0.6750,0.6800,0.6850,0.7050,0.7050,0.7100,0.7100,0.7100,0.7150,0.7150,0.7150,0.7150,0.7150,0.7150,0.7150,0.7150,0.7150,0.7150,0.7150,0.7150,0.7150,0.7250,0.7250,0.7300,0.7520,0.7550,0.7550,0.7550,0.7550,0.7600,0.7650,0.7750,0.7750,0.7760,0.7850,0.8150,0.8300,0.8350,0.8350,0.8350,0.8350,0.8350,0.8550,0.8750,0.9050,0.9050,0.9050,0.9050,0.9150,0.9150,0.9250,0.9300,0.9300,0.9300,0.9300,0.9350,0.9500,0.9550,0.9850,1.0050,1.0050,1.0050,1.0050,1.0050,1.0050,1.0050,1.0050,1.0050,1.0050,1.0050,1.0050,1.0150,1.0250,1.0250,1.0350,1.0750,1.0850,1.0850,1.0850,1.1050,1.2050 WS_VECTOR_END
  WS_UNSORTED_BEGIN 0.0700,0.1800,0.0500,0.1800,0.0700,0.0000,0.1800,0.1500,0.3000,0.2000,0.0000,0.1800,0.1800,0.2200,0.4200,0.5500,0.5500,0.5500,0.9300,0.9300,0.8300,0.4500,0.4500,0.4500,0.4500,0.5700,0.5700,0.3300,0.3000,0.3000,0.3000,0.2200,0.5500,0.5500,0.4790,0.5990,0.5990,0.5700,0.5700,0.5700,0.4500,0.5990,0.5790,0.3300,0.2500,0.5800,0.7520,1.0050,0.9250,0.5500,0.3000,0.3000,0.6300,0.5300,0.6300,1.0050,1.0850,0.4000,0.2000,0.8350,0.7600,0.7550,0.8350,0.3800,0.3000,0.3800,0.4550,0.3000,0.3000,0.4000,0.5300,0.5300,0.4600,0.4600,0.7650,0.4600,0.3800,0.4600,0.9150,0.9150,1.0350,0.5800,0.2500,0.1200,0.5400,0.5790,0.6550,0.1800,0.5350,0.6150,0.5350,0.3200,0.2000,0.1800,0.2000,0.3200,0.3200,0.9050,0.9050,0.4500,0.5350,0.5700,0.2000,0.4500,0.4500,1.0250,0.4600,0.5700,0.4500,0.4500,0.4600,0.6350,0.2500,0.6350,0.6350,0.2500,0.1800,0.5350,0.2000,0.7750,0.2200,0.2200,0.4500,1.0050,1.0050,0.4500,0.4500,0.4000,0.1800,0.6850,0.7550,0.3000,0.2500,0.4600,0.5850,0.0500,0.5850,0.2300,0.2300,0.0500,0.2000,0.6550,0.7750,0.1200,0.5500,0.4500,0.2000,0.5850,0.5850,0.0500,0.7550,0.1200,0.2500,0.5350,0.5350,0.2000,0.6550,0.5350,0.2000,0.3800,0.5850,0.5350,0.5850,0.1800,0.1800,0.5350,0.5800,0.7050,0.5850,0.5850,0.2000,0.2000,0.0000,0.0000,0.6550,0.5850,0.6800,0.7760,1.0050,0.5500,1.0050,0.5500,0.5500,0.5700,0.3300,0.5000,0.3800,0.1800,0.1800,0.9550,0.5300,0.9850,1.0850,1.0850,0.6300,0.6300,0.6300,0.5300,0.6500,1.1050,0.6400,0.5900,0.5100,0.2500,1.0750,1.0150,0.5100,0.7050,0.5850,0.5300,0.6050,0.1800,0.6550,0.3200,0.3200,0.5500,0.5500,0.9300,0.9300,0.7150,0.7150,0.7150,0.7150,0.7150,0.7150,0.4500,0.4500,0.3800,0.3800,0.4500,0.5500,0.5000,0.7150,1.0050,1.0050,0.4500,0.8350,0.5500,0.4500,0.8350,0.7150,0.5000,0.8350,0.7150,0.3800,0.8150,0.6400,0.3800,0.5000,0.5000,0.6750,0.7850,0.2500,0.1800,0.4500,0.7100,0.2500,0.6350,0.7150,0.7100,0.7100,0.9350,0.6550,1.0050,0.7300,0.4600,0.5350,1.0250,0.9050,0.4500,0.4500,0.9500,0.9050,0.5500,0.4500,0.3800,0.4100,0.3000,0.3000,0.3000,0.3000,0.7550,1.0050,0.5500,0.4500,0.7150,0.7150,0.7150,0.4500,0.5500,0.5300,0.5300,0.5300,0.6300,0.3000,0.3000,0.3000,0.8550,0.5350,0.5350,0.5350,0.6500,0.5300,0.6350,0.6350,0.5800,0.5800,0.7250,0.6050,0.4600,0.7250,0.4600,0.4100,0.4600,0.4600,0.3300,0.8750,0.6750,1.0050,0.6750,1.0050,0.3000,0.6300,0.6300,1.2050,0.3000,0.3000,0.3000,0.3000,0.5300,0.6300,0.3000,0.5300,0.6500,0.6500,0.5600,0.5300,0.6500,0.6500,0.5300 WS_UNSORTED_END
  SD_VECTOR_BEGIN 0.0000,0.0000,0.0000,0.0000,0.0090,0.0200,0.0200,0.0400,0.0400,0.0500,0.0500,0.0500,0.0500,0.0500,0.0500,0.0500,0.0600,0.0600,0.0600,0.0600,0.0700,0.0700,0.0700,0.0800,0.0800,0.0800,0.0800,0.0800,0.0850,0.0850,0.0850,0.0900,0.1000,0.1100,0.1100,0.1200,0.1200,0.1200,0.1200,0.1200,0.1200,0.1200,0.1200,0.1200,0.1200,0.1300,0.1300,0.1300,0.1300,0.1300,0.1300,0.1300,0.1300,0.1400,0.1400,0.1500,0.1550,0.1700,0.1700,0.1700,0.1800,0.1800,0.1800,0.1800,0.1800,0.1800,0.1800,0.2000,0.2000,0.2000,0.2000,0.2000,0.2000,0.2000,0.2000,0.2000,0.2000,0.2000,0.2000,0.2000,0.2000,0.2000,0.2000,0.2000,0.2000,0.2000,0.2000,0.2090,0.2100,0.2100,0.2100,0.2100,0.2100,0.2100,0.2200,0.2200,0.2200,0.2200,0.2250,0.2250,0.2250,0.2250,0.2290,0.2290,0.2300,0.2300,0.2300,0.2350,0.2450,0.2450,0.2450,0.2500,0.2500,0.2500,0.2500,0.2500,0.2500,0.2500,0.2500,0.2550,0.2550,0.2700,0.2700,0.2700,0.2700,0.2700,0.2700,0.2700,0.2700,0.2790,0.2800,0.2850,0.2900,0.2900,0.2900,0.2950,0.3000,0.3000,0.3000,0.3000,0.3000,0.3150,0.3200,0.3200,0.3200,0.3300,0.3300,0.3300,0.3300,0.3300,0.3300,0.3300,0.3300,0.3300,0.3300,0.3400,0.3400,0.3450,0.3450,0.3450,0.3450,0.3450,0.3500,0.3500,0.3500,0.3500,0.3500,0.3550,0.3700,0.3700,0.3700,0.3750,0.3800,0.3800,0.3800,0.3850,0.3900,0.3900,0.3900,0.3900,0.3950,0.3950,0.4000,0.4000,0.4000,0.4050,0.4050,0.4050,0.4100,0.4100,0.4150,0.4150,0.4250,0.4300,0.4300,0.4300,0.4300,0.4300,0.4300,0.4350,0.4500,0.4500,0.4500,0.4500,0.4500,0.4500,0.4500,0.4500,0.4500,0.4500,0.4500,0.4500,0.4500,0.4500,0.4500,0.4500,0.4600,0.4650,0.4650,0.4650,0.4650,0.4650,0.4700,0.4750,0.4750,0.4800,0.4900,0.5000,0.5000,0.5090,0.5100,0.5150,0.5250,0.5300,0.5300,0.5300,0.5300,0.5300,0.5350,0.5350,0.5350,0.5350,0.5350,0.5400,0.5450,0.5500,0.5500,0.5500,0.5500,0.5650,0.5700,0.5700,0.5700,0.5700,0.5700,0.5700,0.5700,0.5750,0.5800,0.5800,0.5800,0.5800,0.5850,0.5850,0.5850,0.5850,0.5850,0.5850,0.5850,0.5850,0.5850,0.5850,0.5900,0.5950,0.6050,0.6250,0.6300,0.6300,0.6300,0.6300,0.6300,0.6300,0.6350,0.6500,0.6500,0.6500,0.6500,0.6500,0.6520,0.6550,0.6550,0.6550,0.6550,0.6550,0.6600,0.6700,0.6750,0.6760,0.6850,0.7100,0.7100,0.7150,0.7250,0.7250,0.7250,0.7250,0.7250,0.7300,0.7350,0.7350,0.7450,0.7750,0.7750,0.7850,0.8050,0.8050,0.8250,0.8250,0.8250,0.8250,0.8250,0.8300,0.8300,0.8850,0.9050,0.9050,0.9050,0.9050,0.9250,0.9350,0.9550,0.9650,0.9850,0.9850,1.0050,1.0050,1.0050,1.0850,1.1050,1.1050 SD_VECTOR_END
  CALIBRATION_PENALTY_25: fired 11 time(s), thenFailed 0

  MUTUALLY EXCLUSIVE FUNNEL (first terminal outcome per attempt):
    sum of stages: 340 (must equal attempts: 340)
      178   52.4%  ❌ REJECTED: Winning strength <N> below conviction threshold <N>
       38   11.2%  ❌ REJECTED: Confidence <N>% below threshold <N>% (EV <N>R)
       22    6.5%  ❌ REJECTED: Quality Gate — Nearest zone @ <N> has confluence <N> (< <N>)
       19    5.6%  ❌ REJECTED: Quality Gate — ATR too low (<N> pips) — insufficient volatility for target chase
       15    4.4%  ❌ REJECTED: Counter-trend drift veto — BUY fights a $<N> adverse impulse (>= <N> = <N> x ATR <N>)
       15    4.4%  EMITTED
       15    4.4%  ❌ REJECTED: UTC hour <N> is a blocked window (measured negative expectancy across the audited sample)
        9    2.6%  ❌ REJECTED: Counter-trend drift veto — SELL fights a $<N> adverse impulse (>= <N> = <N> x ATR <N>)
        9    2.6%  NO_REJECTION_LOGGED
        7    2.1%  ❌ REJECTED: Counter-trend signal at mid-range RSI requires <N>-min candle OR OB/QM/Sweep confirmation
        3    0.9%  ❌ REJECTED: noise floor unreachable — a <N> x ATR stop needs <N> pips but maxSLPips is <N> (ATR <N>)
        3    0.9%  ❌ REJECTED: Quality Gate — BUY blocked at RSI <N> outside a trending regime
        2    0.6%  ❌ BASELINE OPPOSING-STRUCTURE VETO: SELL REJECTED: within <N> of a real SUPPORT zone @ <N> (reaction <N>%, <N> touches) 
        2    0.6%  ❌ REJECTED: Quality Gate — Low participation (volume ratio <N> < <N>)
        2    0.6%  ❌ BASELINE OPPOSING-STRUCTURE VETO: BUY REJECTED: within <N> of a real RESISTANCE zone @ <N> (reaction <N>%, <N> touches
        1    0.3%  ❌ REJECTED: Strength difference <N> too small (regime RANGING min: <N>)
    funnel reconciliation: PASS

  PER-ATTEMPT LOG (window replay):
    2026-08-16T22:01:00.000Z  $4375.8  ❌ REJECTED: Winning strength <N> below conviction threshold <N>
    2026-08-16T22:04:00.000Z  $4373.2  ❌ REJECTED: Winning strength <N> below conviction threshold <N>
    2026-08-16T22:07:00.000Z  $4373.4  ❌ REJECTED: Winning strength <N> below conviction threshold <N>
    2026-08-16T22:10:00.000Z  $4377.7  ❌ REJECTED: Winning strength <N> below conviction threshold <N>
    2026-08-16T22:13:00.000Z  $4375.5  ❌ REJECTED: Winning strength <N> below conviction threshold <N>
    2026-08-16T22:16:00.000Z  $4374.8  ❌ REJECTED: Winning strength <N> below conviction threshold <N>
    2026-08-16T22:19:00.000Z  $4373.8  ❌ REJECTED: Winning strength <N> below conviction threshold <N>
    2026-08-16T22:22:00.000Z  $4373.5  ❌ REJECTED: Winning strength <N> below conviction threshold <N>
    2026-08-16T22:25:00.000Z  $4373.6  ❌ REJECTED: Winning strength <N> below conviction threshold <N>
    2026-08-16T22:28:00.000Z  $4374.7  ❌ REJECTED: Winning strength <N> below conviction threshold <N>
    2026-08-16T22:31:00.000Z  $4375.3  ❌ REJECTED: Winning strength <N> below conviction threshold <N>
    2026-08-16T22:34:00.000Z  $4377.2  ❌ REJECTED: Winning strength <N> below conviction threshold <N>
    2026-08-16T22:37:00.000Z  $4377.3  ❌ REJECTED: Winning strength <N> below conviction threshold <N>
    2026-08-16T22:40:00.000Z  $4378.2  ❌ REJECTED: Winning strength <N> below conviction threshold <N>
    2026-08-16T22:43:00.000Z  $4376.9  ❌ REJECTED: Winning strength <N> below conviction threshold <N>
    2026-08-16T22:46:00.000Z  $4378.9  ❌ REJECTED: Confidence <N>% below threshold <N>% (EV <N>R)
    2026-08-16T22:49:00.000Z  $4380.7  ❌ REJECTED: Confidence <N>% below threshold <N>% (EV <N>R)
    2026-08-16T22:52:00.000Z  $4382.4  ❌ REJECTED: Confidence <N>% below threshold <N>% (EV <N>R)
    2026-08-16T22:55:00.000Z  $4383.5  ❌ REJECTED: noise floor unreachable — a <N> x ATR stop needs <N> pips but maxSLPips is <N> (ATR <N>)
    2026-08-16T22:58:00.000Z  $4385.0  ❌ REJECTED: noise floor unreachable — a <N> x ATR stop needs <N> pips but maxSLPips is <N> (ATR <N>)
    2026-08-16T23:01:00.000Z  $4383.6  ❌ REJECTED: noise floor unreachable — a <N> x ATR stop needs <N> pips but maxSLPips is <N> (ATR <N>)
    2026-08-16T23:04:00.000Z  $4382.2  ❌ REJECTED: Winning strength <N> below conviction threshold <N>
    2026-08-16T23:07:00.000Z  $4381.4  ❌ REJECTED: Winning strength <N> below conviction threshold <N>
    2026-08-16T23:10:00.000Z  $4382.8  ❌ REJECTED: Winning strength <N> below conviction threshold <N>
    2026-08-16T23:13:00.000Z  $4381.4  ❌ REJECTED: Winning strength <N> below conviction threshold <N>
    2026-08-16T23:16:00.000Z  $4380.3  ❌ REJECTED: Counter-trend drift veto — SELL fights a $<N> adverse impulse (>= <N> = <N> x ATR <N>)
    2026-08-16T23:19:00.000Z  $4380.0  ❌ REJECTED: Confidence <N>% below threshold <N>% (EV <N>R)
    2026-08-16T23:22:00.000Z  $4375.7  ❌ REJECTED: Winning strength <N> below conviction threshold <N>
    2026-08-16T23:25:00.000Z  $4375.2  ❌ REJECTED: Winning strength <N> below conviction threshold <N>
    2026-08-16T23:28:00.000Z  $4374.4  ❌ REJECTED: Winning strength <N> below conviction threshold <N>
    2026-08-16T23:31:00.000Z  $4374.4  ❌ REJECTED: Winning strength <N> below conviction threshold <N>
    2026-08-16T23:34:00.000Z  $4371.0  ❌ REJECTED: Winning strength <N> below conviction threshold <N>
    2026-08-16T23:37:00.000Z  $4368.2  ❌ REJECTED: Confidence <N>% below threshold <N>% (EV <N>R)
    2026-08-16T23:40:00.000Z  $4368.8  ❌ REJECTED: Confidence <N>% below threshold <N>% (EV <N>R)
    2026-08-16T23:43:00.000Z  $4369.1  ❌ REJECTED: Winning strength <N> below conviction threshold <N>
    2026-08-16T23:46:00.000Z  $4371.9  ❌ REJECTED: Counter-trend drift veto — BUY fights a $<N> adverse impulse (>= <N> = <N> x ATR <N>)
    2026-08-16T23:49:00.000Z  $4371.8  ❌ REJECTED: Counter-trend drift veto — BUY fights a $<N> adverse impulse (>= <N> = <N> x ATR <N>)
    2026-08-16T23:52:00.000Z  $4371.4  ❌ REJECTED: Confidence <N>% below threshold <N>% (EV <N>R)
    2026-08-16T23:55:00.000Z  $4371.2  ❌ REJECTED: Confidence <N>% below threshold <N>% (EV <N>R)
    2026-08-16T23:58:00.000Z  $4370.6  ❌ REJECTED: Confidence <N>% below threshold <N>% (EV <N>R)
    2026-08-17T00:01:00.000Z  $4369.7  ❌ REJECTED: Winning strength <N> below conviction threshold <N>
    2026-08-17T00:04:00.000Z  $4374.9  ❌ REJECTED: Counter-trend drift veto — BUY fights a $<N> adverse impulse (>= <N> = <N> x ATR <N>)
    2026-08-17T00:07:00.000Z  $4374.6  ❌ REJECTED: Counter-trend drift veto — BUY fights a $<N> adverse impulse (>= <N> = <N> x ATR <N>)
    2026-08-17T00:10:00.000Z  $4375.7  ❌ REJECTED: Winning strength <N> below conviction threshold <N>
    2026-08-17T00:13:00.000Z  $4377.8  ❌ REJECTED: Winning strength <N> below conviction threshold <N>
    2026-08-17T00:16:00.000Z  $4381.8  ❌ REJECTED: Confidence <N>% below threshold <N>% (EV <N>R)
    2026-08-17T00:19:00.000Z  $4384.6  ❌ REJECTED: Quality Gate — ATR too low (<N> pips) — insufficient volatility for target chase
    2026-08-17T00:22:00.000Z  $4384.8  EMITTED
    2026-08-17T00:25:00.000Z  $4387.9  ❌ REJECTED: Quality Gate — ATR too low (<N> pips) — insufficient volatility for target chase
    2026-08-17T00:28:00.000Z  $4389.9  ❌ REJECTED: Confidence <N>% below threshold <N>% (EV <N>R)
    2026-08-17T00:31:00.000Z  $4392.8  ❌ REJECTED: Winning strength <N> below conviction threshold <N>
    2026-08-17T00:34:00.000Z  $4392.6  ❌ REJECTED: Winning strength <N> below conviction threshold <N>
    2026-08-17T00:37:00.000Z  $4389.1  ❌ REJECTED: Confidence <N>% below threshold <N>% (EV <N>R)
    2026-08-17T00:40:00.000Z  $4388.0  ❌ REJECTED: Winning strength <N> below conviction threshold <N>
    2026-08-17T00:43:00.000Z  $4392.5  ❌ REJECTED: Counter-trend drift veto — SELL fights a $<N> adverse impulse (>= <N> = <N> x ATR <N>)
    2026-08-17T00:46:00.000Z  $4395.2  EMITTED
    2026-08-17T00:49:00.000Z  $4395.3  EMITTED
    2026-08-17T00:52:00.000Z  $4397.7  ❌ REJECTED: Winning strength <N> below conviction threshold <N>
    2026-08-17T00:55:00.000Z  $4398.1  ❌ REJECTED: Winning strength <N> below conviction threshold <N>
    2026-08-17T00:58:00.000Z  $4401.6  ❌ REJECTED: Quality Gate — BUY blocked at RSI <N> outside a trending regime
    2026-08-17T01:01:00.000Z  $4404.5  ❌ REJECTED: Quality Gate — BUY blocked at RSI <N> outside a trending regime
    2026-08-17T01:04:00.000Z  $4407.7  ❌ REJECTED: Quality Gate — BUY blocked at RSI <N> outside a trending regime
    2026-08-17T01:07:00.000Z  $4411.1  EMITTED
    2026-08-17T01:10:00.000Z  $4406.0  ❌ REJECTED: Winning strength <N> below conviction threshold <N>
    2026-08-17T01:13:00.000Z  $4410.6  ❌ REJECTED: Winning strength <N> below conviction threshold <N>
    2026-08-17T01:16:00.000Z  $4406.5  ❌ REJECTED: Winning strength <N> below conviction threshold <N>
    2026-08-17T01:19:00.000Z  $4408.1  ❌ REJECTED: Winning strength <N> below conviction threshold <N>
    2026-08-17T01:22:00.000Z  $4412.7  ❌ REJECTED: Winning strength <N> below conviction threshold <N>
    2026-08-17T01:25:00.000Z  $4413.0  ❌ REJECTED: Winning strength <N> below conviction threshold <N>
    2026-08-17T01:28:00.000Z  $4408.6  ❌ REJECTED: Winning strength <N> below conviction threshold <N>
    2026-08-17T01:31:00.000Z  $4405.7  ❌ REJECTED: Winning strength <N> below conviction threshold <N>
    2026-08-17T01:34:00.000Z  $4402.3  ❌ REJECTED: Winning strength <N> below conviction threshold <N>
    2026-08-17T01:37:00.000Z  $4400.3  ❌ REJECTED: Winning strength <N> below conviction threshold <N>
    2026-08-17T01:40:00.000Z  $4400.5  ❌ REJECTED: Winning strength <N> below conviction threshold <N>
    2026-08-17T01:43:00.000Z  $4400.4  ❌ REJECTED: Confidence <N>% below threshold <N>% (EV <N>R)
    2026-08-17T01:46:00.000Z  $4399.9  ❌ REJECTED: Winning strength <N> below conviction threshold <N>
    2026-08-17T01:49:00.000Z  $4395.2  ❌ REJECTED: Winning strength <N> below conviction threshold <N>
    2026-08-17T01:52:00.000Z  $4395.8  ❌ REJECTED: Winning strength <N> below conviction threshold <N>
    2026-08-17T01:55:00.000Z  $4396.1  EMITTED
    2026-08-17T01:58:00.000Z  $4395.9  EMITTED
    2026-08-17T02:01:00.000Z  $4397.2  EMITTED
    2026-08-17T02:04:00.000Z  $4395.8  ❌ REJECTED: Confidence <N>% below threshold <N>% (EV <N>R)
    2026-08-17T02:07:00.000Z  $4393.4  ❌ REJECTED: Winning strength <N> below conviction threshold <N>
    2026-08-17T02:10:00.000Z  $4393.1  ❌ REJECTED: Winning strength <N> below conviction threshold <N>
    2026-08-17T02:13:00.000Z  $4394.2  ❌ REJECTED: Winning strength <N> below conviction threshold <N>
    2026-08-17T02:16:00.000Z  $4395.6  ❌ REJECTED: Confidence <N>% below threshold <N>% (EV <N>R)
    2026-08-17T02:19:00.000Z  $4393.8  ❌ REJECTED: Quality Gate — Nearest zone @ <N> has confluence <N> (< <N>)
    2026-08-17T02:22:00.000Z  $4392.2  ❌ REJECTED: Winning strength <N> below conviction threshold <N>
    2026-08-17T02:25:00.000Z  $4395.3  ❌ REJECTED: Winning strength <N> below conviction threshold <N>
    2026-08-17T02:28:00.000Z  $4396.6  ❌ REJECTED: Quality Gate — Nearest zone @ <N> has confluence <N> (< <N>)
    2026-08-17T02:31:00.000Z  $4397.1  ❌ REJECTED: Winning strength <N> below conviction threshold <N>
    2026-08-17T02:34:00.000Z  $4392.9  ❌ REJECTED: Winning strength <N> below conviction threshold <N>
    2026-08-17T02:37:00.000Z  $4395.2  ❌ REJECTED: Winning strength <N> below conviction threshold <N>
    2026-08-17T02:40:00.000Z  $4391.7  ❌ REJECTED: Winning strength <N> below conviction threshold <N>
    2026-08-17T02:43:00.000Z  $4394.6  ❌ REJECTED: Winning strength <N> below conviction threshold <N>
    2026-08-17T02:46:00.000Z  $4392.6  ❌ REJECTED: Winning strength <N> below conviction threshold <N>
    2026-08-17T02:49:00.000Z  $4391.5  ❌ REJECTED: Winning strength <N> below conviction threshold <N>
    2026-08-17T02:52:00.000Z  $4391.4  NO_REJECTION_LOGGED
    2026-08-17T02:55:00.000Z  $4389.0  NO_REJECTION_LOGGED
    2026-08-17T02:58:00.000Z  $4392.2  ❌ REJECTED: Winning strength <N> below conviction threshold <N>
    2026-08-17T03:01:00.000Z  $4394.2  ❌ REJECTED: Winning strength <N> below conviction threshold <N>
    2026-08-17T03:04:00.000Z  $4392.7  ❌ REJECTED: Confidence <N>% below threshold <N>% (EV <N>R)
    2026-08-17T03:07:00.000Z  $4393.7  ❌ REJECTED: Winning strength <N> below conviction threshold <N>
    2026-08-17T03:10:00.000Z  $4390.9  ❌ REJECTED: Winning strength <N> below conviction threshold <N>
    2026-08-17T03:13:00.000Z  $4389.3  ❌ REJECTED: Winning strength <N> below conviction threshold <N>
    2026-08-17T03:16:00.000Z  $4389.9  NO_REJECTION_LOGGED
    2026-08-17T03:19:00.000Z  $4390.7  ❌ REJECTED: Winning strength <N> below conviction threshold <N>
    2026-08-17T03:22:00.000Z  $4390.7  ❌ REJECTED: Confidence <N>% below threshold <N>% (EV <N>R)
    2026-08-17T03:25:00.000Z  $4390.2  ❌ REJECTED: Winning strength <N> below conviction threshold <N>
    2026-08-17T03:28:00.000Z  $4390.5  ❌ REJECTED: Winning strength <N> below conviction threshold <N>
    2026-08-17T03:31:00.000Z  $4393.8  ❌ REJECTED: Winning strength <N> below conviction threshold <N>
    2026-08-17T03:34:00.000Z  $4394.6  ❌ REJECTED: Confidence <N>% below threshold <N>% (EV <N>R)
    2026-08-17T03:37:00.000Z  $4393.7  ❌ REJECTED: Winning strength <N> below conviction threshold <N>
    2026-08-17T03:40:00.000Z  $4395.2  ❌ REJECTED: Confidence <N>% below threshold <N>% (EV <N>R)
    2026-08-17T03:43:00.000Z  $4396.9  ❌ REJECTED: Confidence <N>% below threshold <N>% (EV <N>R)
    2026-08-17T03:46:00.000Z  $4394.4  ❌ REJECTED: Winning strength <N> below conviction threshold <N>
    2026-08-17T03:49:00.000Z  $4394.9  ❌ REJECTED: Winning strength <N> below conviction threshold <N>
    2026-08-17T03:52:00.000Z  $4394.6  ❌ REJECTED: Winning strength <N> below conviction threshold <N>
    2026-08-17T03:55:00.000Z  $4394.5  ❌ REJECTED: Winning strength <N> below conviction threshold <N>
    2026-08-17T03:58:00.000Z  $4397.0  ❌ REJECTED: Quality Gate — ATR too low (<N> pips) — insufficient volatility for target chase
    2026-08-17T04:01:00.000Z  $4397.6  ❌ REJECTED: Winning strength <N> below conviction threshold <N>
    2026-08-17T04:04:00.000Z  $4397.7  ❌ REJECTED: Winning strength <N> below conviction threshold <N>
    2026-08-17T04:07:00.000Z  $4397.6  ❌ REJECTED: Winning strength <N> below conviction threshold <N>
    2026-08-17T04:10:00.000Z  $4399.1  ❌ REJECTED: UTC hour <N> is a blocked window (measured negative expectancy across the audited sample
    2026-08-17T04:13:00.000Z  $4398.7  ❌ REJECTED: UTC hour <N> is a blocked window (measured negative expectancy across the audited sample
    2026-08-17T04:16:00.000Z  $4398.0  ❌ REJECTED: Winning strength <N> below conviction threshold <N>
    2026-08-17T04:19:00.000Z  $4397.0  ❌ REJECTED: Winning strength <N> below conviction threshold <N>
    2026-08-17T04:22:00.000Z  $4394.8  ❌ REJECTED: Winning strength <N> below conviction threshold <N>
    2026-08-17T04:25:00.000Z  $4393.4  ❌ REJECTED: Winning strength <N> below conviction threshold <N>
    2026-08-17T04:28:00.000Z  $4391.0  ❌ REJECTED: UTC hour <N> is a blocked window (measured negative expectancy across the audited sample
    2026-08-17T04:31:00.000Z  $4389.6  ❌ REJECTED: UTC hour <N> is a blocked window (measured negative expectancy across the audited sample
    2026-08-17T04:34:00.000Z  $4391.8  ❌ REJECTED: Winning strength <N> below conviction threshold <N>
    2026-08-17T04:37:00.000Z  $4392.1  ❌ REJECTED: Winning strength <N> below conviction threshold <N>
    2026-08-17T04:40:00.000Z  $4393.7  ❌ REJECTED: Winning strength <N> below conviction threshold <N>
    2026-08-17T04:43:00.000Z  $4395.6  ❌ REJECTED: UTC hour <N> is a blocked window (measured negative expectancy across the audited sample
    2026-08-17T04:46:00.000Z  $4397.7  ❌ REJECTED: Winning strength <N> below conviction threshold <N>
    2026-08-17T04:49:00.000Z  $4396.0  ❌ REJECTED: UTC hour <N> is a blocked window (measured negative expectancy across the audited sample
    2026-08-17T04:52:00.000Z  $4396.1  ❌ REJECTED: Winning strength <N> below conviction threshold <N>
    2026-08-17T04:55:00.000Z  $4395.1  ❌ REJECTED: Winning strength <N> below conviction threshold <N>
    2026-08-17T04:58:00.000Z  $4391.2  ❌ REJECTED: Winning strength <N> below conviction threshold <N>
    2026-08-17T05:01:00.000Z  $4392.5  ❌ REJECTED: Winning strength <N> below conviction threshold <N>
    2026-08-17T05:04:00.000Z  $4392.8  ❌ REJECTED: Confidence <N>% below threshold <N>% (EV <N>R)
    2026-08-17T05:07:00.000Z  $4390.9  ❌ REJECTED: Quality Gate — ATR too low (<N> pips) — insufficient volatility for target chase
    2026-08-17T05:10:00.000Z  $4391.2  ❌ REJECTED: Winning strength <N> below conviction threshold <N>
    2026-08-17T05:13:00.000Z  $4389.2  ❌ REJECTED: Confidence <N>% below threshold <N>% (EV <N>R)
    2026-08-17T05:16:00.000Z  $4390.5  ❌ REJECTED: Winning strength <N> below conviction threshold <N>
    2026-08-17T05:19:00.000Z  $4392.9  ❌ REJECTED: Winning strength <N> below conviction threshold <N>
    2026-08-17T05:22:00.000Z  $4395.7  ❌ REJECTED: Confidence <N>% below threshold <N>% (EV <N>R)
    2026-08-17T05:25:00.000Z  $4394.8  ❌ REJECTED: Confidence <N>% below threshold <N>% (EV <N>R)
    2026-08-17T05:28:00.000Z  $4398.0  ❌ REJECTED: Winning strength <N> below conviction threshold <N>
    2026-08-17T05:31:00.000Z  $4399.9  ❌ REJECTED: Quality Gate — ATR too low (<N> pips) — insufficient volatility for target chase
    2026-08-17T05:34:00.000Z  $4396.3  ❌ REJECTED: Winning strength <N> below conviction threshold <N>
    2026-08-17T05:37:00.000Z  $4394.9  ❌ REJECTED: Winning strength <N> below conviction threshold <N>
    2026-08-17T05:40:00.000Z  $4394.8  ❌ REJECTED: Winning strength <N> below conviction threshold <N>
    2026-08-17T05:43:00.000Z  $4394.4  ❌ REJECTED: Winning strength <N> below conviction threshold <N>
    2026-08-17T05:46:00.000Z  $4393.1  ❌ REJECTED: Winning strength <N> below conviction threshold <N>
    2026-08-17T05:49:00.000Z  $4397.2  ❌ REJECTED: Quality Gate — Nearest zone @ <N> has confluence <N> (< <N>)
    2026-08-17T05:52:00.000Z  $4394.7  ❌ REJECTED: Winning strength <N> below conviction threshold <N>
    2026-08-17T05:55:00.000Z  $4395.4  ❌ REJECTED: Winning strength <N> below conviction threshold <N>
    2026-08-17T05:58:00.000Z  $4394.4  ❌ REJECTED: Winning strength <N> below conviction threshold <N>
    2026-08-17T06:01:00.000Z  $4397.2  ❌ REJECTED: Quality Gate — Nearest zone @ <N> has confluence <N> (< <N>)
    2026-08-17T06:04:00.000Z  $4395.4  ❌ REJECTED: Winning strength <N> below conviction threshold <N>
    2026-08-17T06:07:00.000Z  $4397.3  ❌ REJECTED: Quality Gate — Nearest zone @ <N> has confluence <N> (< <N>)
    2026-08-17T06:10:00.000Z  $4394.1  ❌ REJECTED: Winning strength <N> below conviction threshold <N>
    2026-08-17T06:13:00.000Z  $4395.1  ❌ REJECTED: Winning strength <N> below conviction threshold <N>
    2026-08-17T06:16:00.000Z  $4395.5  ❌ REJECTED: Winning strength <N> below conviction threshold <N>
    2026-08-17T06:19:00.000Z  $4393.5  ❌ REJECTED: Confidence <N>% below threshold <N>% (EV <N>R)
    2026-08-17T06:22:00.000Z  $4396.3  ❌ REJECTED: Quality Gate — Nearest zone @ <N> has confluence <N> (< <N>)
    2026-08-17T06:25:00.000Z  $4397.0  ❌ REJECTED: Quality Gate — Nearest zone @ <N> has confluence <N> (< <N>)
    2026-08-17T06:28:00.000Z  $4397.4  ❌ REJECTED: Quality Gate — Nearest zone @ <N> has confluence <N> (< <N>)
    2026-08-17T06:31:00.000Z  $4396.8  ❌ REJECTED: Winning strength <N> below conviction threshold <N>
    2026-08-17T06:34:00.000Z  $4395.5  ❌ REJECTED: Winning strength <N> below conviction threshold <N>
    2026-08-17T06:37:00.000Z  $4394.6  ❌ REJECTED: Winning strength <N> below conviction threshold <N>
    2026-08-17T06:40:00.000Z  $4394.3  ❌ REJECTED: Winning strength <N> below conviction threshold <N>
    2026-08-17T06:43:00.000Z  $4395.1  ❌ REJECTED: Quality Gate — Nearest zone @ <N> has confluence <N> (< <N>)
    2026-08-17T06:46:00.000Z  $4399.1  ❌ REJECTED: Quality Gate — Nearest zone @ <N> has confluence <N> (< <N>)
    2026-08-17T06:49:00.000Z  $4400.3  ❌ REJECTED: Quality Gate — Nearest zone @ <N> has confluence <N> (< <N>)
    2026-08-17T06:52:00.000Z  $4404.3  ❌ REJECTED: Quality Gate — ATR too low (<N> pips) — insufficient volatility for target chase
    2026-08-17T06:55:00.000Z  $4402.0  NO_REJECTION_LOGGED
    2026-08-17T06:58:00.000Z  $4402.8  ❌ REJECTED: Confidence <N>% below threshold <N>% (EV <N>R)
    2026-08-17T07:01:00.000Z  $4403.1  EMITTED
    2026-08-17T07:04:00.000Z  $4401.6  ❌ REJECTED: Quality Gate — Nearest zone @ <N> has confluence <N> (< <N>)
    2026-08-17T07:07:00.000Z  $4400.0  ❌ REJECTED: Confidence <N>% below threshold <N>% (EV <N>R)
    2026-08-17T07:10:00.000Z  $4400.9  ❌ REJECTED: Counter-trend drift veto — SELL fights a $<N> adverse impulse (>= <N> = <N> x ATR <N>)
    2026-08-17T07:13:00.000Z  $4396.8  ❌ REJECTED: Winning strength <N> below conviction threshold <N>
    2026-08-17T07:16:00.000Z  $4397.6  ❌ REJECTED: Winning strength <N> below conviction threshold <N>
    2026-08-17T07:19:00.000Z  $4397.5  ❌ REJECTED: Winning strength <N> below conviction threshold <N>
    2026-08-17T07:22:00.000Z  $4396.8  ❌ REJECTED: Winning strength <N> below conviction threshold <N>
    2026-08-17T07:25:00.000Z  $4397.1  ❌ REJECTED: Winning strength <N> below conviction threshold <N>
    2026-08-17T07:28:00.000Z  $4401.8  ❌ REJECTED: Counter-trend drift veto — SELL fights a $<N> adverse impulse (>= <N> = <N> x ATR <N>)
    2026-08-17T07:31:00.000Z  $4406.4  ❌ REJECTED: Winning strength <N> below conviction threshold <N>
    2026-08-17T07:34:00.000Z  $4407.1  EMITTED
    2026-08-17T07:37:00.000Z  $4410.4  EMITTED
    2026-08-17T07:40:00.000Z  $4409.3  EMITTED
    2026-08-17T07:43:00.000Z  $4409.7  ❌ REJECTED: Quality Gate — ATR too low (<N> pips) — insufficient volatility for target chase
    2026-08-17T07:46:00.000Z  $4409.1  ❌ REJECTED: Quality Gate — Nearest zone @ <N> has confluence <N> (< <N>)
    2026-08-17T07:49:00.000Z  $4407.5  ❌ REJECTED: Quality Gate — Nearest zone @ <N> has confluence <N> (< <N>)
    2026-08-17T07:52:00.000Z  $4404.2  ❌ REJECTED: Winning strength <N> below conviction threshold <N>
    2026-08-17T07:55:00.000Z  $4405.6  ❌ REJECTED: Confidence <N>% below threshold <N>% (EV <N>R)
    2026-08-17T07:58:00.000Z  $4405.5  ❌ BASELINE OPPOSING-STRUCTURE VETO: SELL REJECTED: within <N> of a real SUPPORT zone @ <N> (reaction
    2026-08-17T08:01:00.000Z  $4401.8  ❌ REJECTED: Quality Gate — ATR too low (<N> pips) — insufficient volatility for target chase
    2026-08-17T08:04:00.000Z  $4400.1  ❌ REJECTED: Quality Gate — Nearest zone @ <N> has confluence <N> (< <N>)
    2026-08-17T08:07:00.000Z  $4399.0  ❌ REJECTED: Winning strength <N> below conviction threshold <N>
    2026-08-17T08:10:00.000Z  $4399.0  ❌ REJECTED: Winning strength <N> below conviction threshold <N>
    2026-08-17T08:13:00.000Z  $4402.5  ❌ BASELINE OPPOSING-STRUCTURE VETO: SELL REJECTED: within <N> of a real SUPPORT zone @ <N> (reaction
    2026-08-17T08:16:00.000Z  $4402.3  EMITTED
    2026-08-17T08:19:00.000Z  $4401.2  ❌ REJECTED: Winning strength <N> below conviction threshold <N>
    2026-08-17T08:22:00.000Z  $4402.9  ❌ REJECTED: Quality Gate — Low participation (volume ratio <N> < <N>)
    2026-08-17T08:25:00.000Z  $4402.6  ❌ REJECTED: Quality Gate — Nearest zone @ <N> has confluence <N> (< <N>)
    2026-08-17T08:28:00.000Z  $4402.4  ❌ REJECTED: Winning strength <N> below conviction threshold <N>
    2026-08-17T08:31:00.000Z  $4401.0  ❌ REJECTED: Quality Gate — Low participation (volume ratio <N> < <N>)
    2026-08-17T08:34:00.000Z  $4399.9  ❌ REJECTED: Winning strength <N> below conviction threshold <N>
    2026-08-17T08:37:00.000Z  $4401.4  ❌ REJECTED: Quality Gate — ATR too low (<N> pips) — insufficient volatility for target chase
    2026-08-17T08:40:00.000Z  $4399.5  ❌ REJECTED: Winning strength <N> below conviction threshold <N>
    2026-08-17T08:43:00.000Z  $4397.2  ❌ REJECTED: Winning strength <N> below conviction threshold <N>
    2026-08-17T08:46:00.000Z  $4395.1  ❌ REJECTED: Confidence <N>% below threshold <N>% (EV <N>R)
    2026-08-17T08:49:00.000Z  $4395.5  ❌ REJECTED: Confidence <N>% below threshold <N>% (EV <N>R)
    2026-08-17T08:52:00.000Z  $4393.2  NO_REJECTION_LOGGED
    2026-08-17T08:55:00.000Z  $4392.9  NO_REJECTION_LOGGED
    2026-08-17T08:58:00.000Z  $4394.4  ❌ REJECTED: Quality Gate — Nearest zone @ <N> has confluence <N> (< <N>)
    2026-08-17T09:01:00.000Z  $4394.9  ❌ REJECTED: Counter-trend drift veto — BUY fights a $<N> adverse impulse (>= <N> = <N> x ATR <N>)
    2026-08-17T09:04:00.000Z  $4396.2  ❌ REJECTED: Counter-trend signal at mid-range RSI requires <N>-min candle OR OB/QM/Sweep confirmatio
    2026-08-17T09:07:00.000Z  $4397.3  ❌ REJECTED: Counter-trend signal at mid-range RSI requires <N>-min candle OR OB/QM/Sweep confirmatio
    2026-08-17T09:10:00.000Z  $4399.3  ❌ REJECTED: Confidence <N>% below threshold <N>% (EV <N>R)
    2026-08-17T09:13:00.000Z  $4399.3  ❌ REJECTED: Confidence <N>% below threshold <N>% (EV <N>R)
    2026-08-17T09:16:00.000Z  $4398.2  ❌ REJECTED: Winning strength <N> below conviction threshold <N>
    2026-08-17T09:19:00.000Z  $4398.3  ❌ REJECTED: Winning strength <N> below conviction threshold <N>
    2026-08-17T09:22:00.000Z  $4398.1  ❌ REJECTED: Winning strength <N> below conviction threshold <N>
    2026-08-17T09:25:00.000Z  $4397.7  ❌ REJECTED: Winning strength <N> below conviction threshold <N>
    2026-08-17T09:28:00.000Z  $4396.6  ❌ REJECTED: Winning strength <N> below conviction threshold <N>
    2026-08-17T09:31:00.000Z  $4395.2  ❌ REJECTED: Quality Gate — Nearest zone @ <N> has confluence <N> (< <N>)
    2026-08-17T09:34:00.000Z  $4396.5  ❌ REJECTED: Winning strength <N> below conviction threshold <N>
    2026-08-17T09:37:00.000Z  $4396.0  ❌ REJECTED: Counter-trend drift veto — BUY fights a $<N> adverse impulse (>= <N> = <N> x ATR <N>)
    2026-08-17T09:40:00.000Z  $4395.0  NO_REJECTION_LOGGED
    2026-08-17T09:43:00.000Z  $4394.9  NO_REJECTION_LOGGED
    2026-08-17T09:46:00.000Z  $4393.9  ❌ REJECTED: Winning strength <N> below conviction threshold <N>
    2026-08-17T09:49:00.000Z  $4395.2  ❌ REJECTED: Counter-trend signal at mid-range RSI requires <N>-min candle OR OB/QM/Sweep confirmatio
    2026-08-17T09:52:00.000Z  $4393.5  ❌ REJECTED: Quality Gate — Nearest zone @ <N> has confluence <N> (< <N>)
    2026-08-17T09:55:00.000Z  $4393.7  ❌ REJECTED: Winning strength <N> below conviction threshold <N>
    2026-08-17T09:58:00.000Z  $4395.2  ❌ REJECTED: Quality Gate — ATR too low (<N> pips) — insufficient volatility for target chase
    2026-08-17T10:01:00.000Z  $4395.0  ❌ REJECTED: Confidence <N>% below threshold <N>% (EV <N>R)
    2026-08-17T10:04:00.000Z  $4394.0  ❌ REJECTED: Winning strength <N> below conviction threshold <N>
    2026-08-17T10:07:00.000Z  $4396.2  ❌ REJECTED: Counter-trend drift veto — BUY fights a $<N> adverse impulse (>= <N> = <N> x ATR <N>)
    2026-08-17T10:10:00.000Z  $4395.5  ❌ REJECTED: Counter-trend drift veto — BUY fights a $<N> adverse impulse (>= <N> = <N> x ATR <N>)
    2026-08-17T10:13:00.000Z  $4395.8  ❌ REJECTED: Winning strength <N> below conviction threshold <N>
    2026-08-17T10:16:00.000Z  $4397.9  ❌ REJECTED: Counter-trend signal at mid-range RSI requires <N>-min candle OR OB/QM/Sweep confirmatio
    2026-08-17T10:19:00.000Z  $4395.9  ❌ REJECTED: Counter-trend signal at mid-range RSI requires <N>-min candle OR OB/QM/Sweep confirmatio
    2026-08-17T10:22:00.000Z  $4396.1  ❌ REJECTED: Winning strength <N> below conviction threshold <N>
    2026-08-17T10:25:00.000Z  $4395.5  ❌ REJECTED: Winning strength <N> below conviction threshold <N>
    2026-08-17T10:28:00.000Z  $4393.2  ❌ REJECTED: Winning strength <N> below conviction threshold <N>
    2026-08-17T10:31:00.000Z  $4401.8  ❌ REJECTED: Confidence <N>% below threshold <N>% (EV <N>R)
    2026-08-17T10:34:00.000Z  $4397.2  ❌ REJECTED: Quality Gate — ATR too low (<N> pips) — insufficient volatility for target chase
    2026-08-17T10:37:00.000Z  $4396.8  ❌ REJECTED: Winning strength <N> below conviction threshold <N>
    2026-08-17T10:40:00.000Z  $4395.4  ❌ REJECTED: Winning strength <N> below conviction threshold <N>
    2026-08-17T10:43:00.000Z  $4397.8  ❌ REJECTED: Winning strength <N> below conviction threshold <N>
    2026-08-17T10:46:00.000Z  $4398.6  ❌ REJECTED: Quality Gate — ATR too low (<N> pips) — insufficient volatility for target chase
    2026-08-17T10:49:00.000Z  $4397.0  ❌ REJECTED: Winning strength <N> below conviction threshold <N>
    2026-08-17T10:52:00.000Z  $4398.0  ❌ REJECTED: Quality Gate — ATR too low (<N> pips) — insufficient volatility for target chase
    2026-08-17T10:55:00.000Z  $4397.7  ❌ REJECTED: Quality Gate — ATR too low (<N> pips) — insufficient volatility for target chase
    2026-08-17T10:58:00.000Z  $4398.3  ❌ REJECTED: Quality Gate — ATR too low (<N> pips) — insufficient volatility for target chase
    2026-08-17T11:01:00.000Z  $4398.8  ❌ REJECTED: UTC hour <N> is a blocked window (measured negative expectancy across the audited sample
    2026-08-17T11:04:00.000Z  $4400.3  ❌ REJECTED: UTC hour <N> is a blocked window (measured negative expectancy across the audited sample
    2026-08-17T11:07:00.000Z  $4401.6  ❌ REJECTED: UTC hour <N> is a blocked window (measured negative expectancy across the audited sample
    2026-08-17T11:10:00.000Z  $4401.7  ❌ REJECTED: UTC hour <N> is a blocked window (measured negative expectancy across the audited sample
    2026-08-17T11:13:00.000Z  $4401.0  ❌ REJECTED: UTC hour <N> is a blocked window (measured negative expectancy across the audited sample
    2026-08-17T11:16:00.000Z  $4398.8  ❌ REJECTED: Winning strength <N> below conviction threshold <N>
    2026-08-17T11:19:00.000Z  $4398.3  ❌ REJECTED: Winning strength <N> below conviction threshold <N>
    2026-08-17T11:22:00.000Z  $4403.6  ❌ REJECTED: UTC hour <N> is a blocked window (measured negative expectancy across the audited sample
    2026-08-17T11:25:00.000Z  $4403.7  ❌ REJECTED: UTC hour <N> is a blocked window (measured negative expectancy across the audited sample
    2026-08-17T11:28:00.000Z  $4403.4  ❌ REJECTED: Winning strength <N> below conviction threshold <N>
    2026-08-17T11:31:00.000Z  $4402.7  ❌ REJECTED: Winning strength <N> below conviction threshold <N>
    2026-08-17T11:34:00.000Z  $4403.9  ❌ REJECTED: UTC hour <N> is a blocked window (measured negative expectancy across the audited sample
    2026-08-17T11:37:00.000Z  $4402.9  ❌ REJECTED: UTC hour <N> is a blocked window (measured negative expectancy across the audited sample
    2026-08-17T11:40:00.000Z  $4402.1  ❌ REJECTED: Counter-trend signal at mid-range RSI requires <N>-min candle OR OB/QM/Sweep confirmatio
    2026-08-17T11:43:00.000Z  $4400.4  ❌ REJECTED: Winning strength <N> below conviction threshold <N>
    2026-08-17T11:46:00.000Z  $4400.1  ❌ REJECTED: Winning strength <N> below conviction threshold <N>
    2026-08-17T11:49:00.000Z  $4397.0  ❌ REJECTED: Winning strength <N> below conviction threshold <N>
    2026-08-17T11:52:00.000Z  $4396.1  ❌ REJECTED: Winning strength <N> below conviction threshold <N>
    2026-08-17T11:55:00.000Z  $4396.4  ❌ REJECTED: Winning strength <N> below conviction threshold <N>
    2026-08-17T11:58:00.000Z  $4396.9  ❌ REJECTED: Winning strength <N> below conviction threshold <N>
    2026-08-17T12:01:00.000Z  $4394.1  ❌ REJECTED: Winning strength <N> below conviction threshold <N>
    2026-08-17T12:04:00.000Z  $4394.5  ❌ REJECTED: Quality Gate — ATR too low (<N> pips) — insufficient volatility for target chase
    2026-08-17T12:07:00.000Z  $4393.9  NO_REJECTION_LOGGED
    2026-08-17T12:10:00.000Z  $4393.4  ❌ REJECTED: Confidence <N>% below threshold <N>% (EV <N>R)
    2026-08-17T12:13:00.000Z  $4393.6  ❌ REJECTED: Winning strength <N> below conviction threshold <N>
    2026-08-17T12:16:00.000Z  $4394.2  ❌ REJECTED: Counter-trend drift veto — BUY fights a $<N> adverse impulse (>= <N> = <N> x ATR <N>)
    2026-08-17T12:19:00.000Z  $4394.8  ❌ REJECTED: Counter-trend drift veto — BUY fights a $<N> adverse impulse (>= <N> = <N> x ATR <N>)
    2026-08-17T12:22:00.000Z  $4394.2  ❌ REJECTED: Counter-trend drift veto — BUY fights a $<N> adverse impulse (>= <N> = <N> x ATR <N>)
    2026-08-17T12:25:00.000Z  $4391.9  ❌ REJECTED: Winning strength <N> below conviction threshold <N>
    2026-08-17T12:28:00.000Z  $4388.2  ❌ REJECTED: Confidence <N>% below threshold <N>% (EV <N>R)
    2026-08-17T12:31:00.000Z  $4387.6  ❌ REJECTED: Winning strength <N> below conviction threshold <N>
    2026-08-17T12:34:00.000Z  $4388.9  ❌ REJECTED: Winning strength <N> below conviction threshold <N>
    2026-08-17T12:37:00.000Z  $4383.5  ❌ REJECTED: Winning strength <N> below conviction threshold <N>
    2026-08-17T12:40:00.000Z  $4382.1  ❌ REJECTED: Confidence <N>% below threshold <N>% (EV <N>R)
    2026-08-17T12:43:00.000Z  $4380.5  ❌ REJECTED: Winning strength <N> below conviction threshold <N>
    2026-08-17T12:46:00.000Z  $4379.0  ❌ REJECTED: Winning strength <N> below conviction threshold <N>
    2026-08-17T12:49:00.000Z  $4378.1  ❌ REJECTED: Winning strength <N> below conviction threshold <N>
    2026-08-17T12:52:00.000Z  $4384.5  ❌ REJECTED: Counter-trend drift veto — BUY fights a $<N> adverse impulse (>= <N> = <N> x ATR <N>)
    2026-08-17T12:55:00.000Z  $4385.0  ❌ REJECTED: Winning strength <N> below conviction threshold <N>
    2026-08-17T12:58:00.000Z  $4385.9  ❌ REJECTED: Winning strength <N> below conviction threshold <N>
    2026-08-17T13:01:00.000Z  $4386.1  ❌ REJECTED: Winning strength <N> below conviction threshold <N>
    2026-08-17T13:04:00.000Z  $4384.8  ❌ REJECTED: Quality Gate — Nearest zone @ <N> has confluence <N> (< <N>)
    2026-08-17T13:07:00.000Z  $4385.7  ❌ REJECTED: Winning strength <N> below conviction threshold <N>
    2026-08-17T13:10:00.000Z  $4386.8  ❌ REJECTED: Counter-trend drift veto — BUY fights a $<N> adverse impulse (>= <N> = <N> x ATR <N>)
    2026-08-17T13:13:00.000Z  $4388.3  ❌ REJECTED: Counter-trend drift veto — BUY fights a $<N> adverse impulse (>= <N> = <N> x ATR <N>)
    2026-08-17T13:16:00.000Z  $4383.7  ❌ REJECTED: Counter-trend drift veto — BUY fights a $<N> adverse impulse (>= <N> = <N> x ATR <N>)
    2026-08-17T13:19:00.000Z  $4385.8  ❌ REJECTED: Quality Gate — Nearest zone @ <N> has confluence <N> (< <N>)
    2026-08-17T13:22:00.000Z  $4387.7  ❌ REJECTED: Counter-trend signal at mid-range RSI requires <N>-min candle OR OB/QM/Sweep confirmatio
    2026-08-17T13:25:00.000Z  $4387.3  ❌ REJECTED: Confidence <N>% below threshold <N>% (EV <N>R)
    2026-08-17T13:28:00.000Z  $4386.6  ❌ REJECTED: Winning strength <N> below conviction threshold <N>
    2026-08-17T13:31:00.000Z  $4387.7  ❌ REJECTED: Quality Gate — ATR too low (<N> pips) — insufficient volatility for target chase
    2026-08-17T13:34:00.000Z  $4388.8  ❌ REJECTED: Winning strength <N> below conviction threshold <N>
    2026-08-17T13:37:00.000Z  $4390.1  ❌ REJECTED: Winning strength <N> below conviction threshold <N>
    2026-08-17T13:40:00.000Z  $4387.1  ❌ REJECTED: Winning strength <N> below conviction threshold <N>
    2026-08-17T13:43:00.000Z  $4386.9  ❌ REJECTED: Winning strength <N> below conviction threshold <N>
    2026-08-17T13:46:00.000Z  $4388.6  ❌ REJECTED: Winning strength <N> below conviction threshold <N>
    2026-08-17T13:49:00.000Z  $4395.1  EMITTED
    2026-08-17T13:52:00.000Z  $4403.1  ❌ REJECTED: Quality Gate — Nearest zone @ <N> has confluence <N> (< <N>)
    2026-08-17T13:55:00.000Z  $4405.6  EMITTED
    2026-08-17T13:58:00.000Z  $4408.4  ❌ REJECTED: Quality Gate — ATR too low (<N> pips) — insufficient volatility for target chase
    2026-08-17T14:01:00.000Z  $4406.4  EMITTED
    2026-08-17T14:04:00.000Z  $4408.0  ❌ REJECTED: Winning strength <N> below conviction threshold <N>
    2026-08-17T14:07:00.000Z  $4405.8  ❌ REJECTED: Quality Gate — ATR too low (<N> pips) — insufficient volatility for target chase
    2026-08-17T14:10:00.000Z  $4405.1  ❌ REJECTED: Counter-trend drift veto — SELL fights a $<N> adverse impulse (>= <N> = <N> x ATR <N>)
    2026-08-17T14:13:00.000Z  $4409.9  ❌ REJECTED: Counter-trend drift veto — SELL fights a $<N> adverse impulse (>= <N> = <N> x ATR <N>)
    2026-08-17T14:16:00.000Z  $4413.3  ❌ REJECTED: Winning strength <N> below conviction threshold <N>
    2026-08-17T14:19:00.000Z  $4418.4  ❌ REJECTED: Winning strength <N> below conviction threshold <N>
    2026-08-17T14:22:00.000Z  $4422.0  ❌ REJECTED: Winning strength <N> below conviction threshold <N>
    2026-08-17T14:25:00.000Z  $4423.5  ❌ REJECTED: Winning strength <N> below conviction threshold <N>
    2026-08-17T14:28:00.000Z  $4416.0  ❌ REJECTED: Winning strength <N> below conviction threshold <N>
    2026-08-17T14:31:00.000Z  $4419.7  ❌ REJECTED: Counter-trend drift veto — SELL fights a $<N> adverse impulse (>= <N> = <N> x ATR <N>)
    2026-08-17T14:34:00.000Z  $4422.2  ❌ REJECTED: Winning strength <N> below conviction threshold <N>
    2026-08-17T14:37:00.000Z  $4419.9  ❌ REJECTED: Winning strength <N> below conviction threshold <N>
    2026-08-17T14:40:00.000Z  $4419.4  ❌ REJECTED: Counter-trend drift veto — SELL fights a $<N> adverse impulse (>= <N> = <N> x ATR <N>)
    2026-08-17T14:43:00.000Z  $4418.5  ❌ REJECTED: Counter-trend drift veto — SELL fights a $<N> adverse impulse (>= <N> = <N> x ATR <N>)
    2026-08-17T14:46:00.000Z  $4414.9  ❌ REJECTED: Strength difference <N> too small (regime RANGING min: <N>)
    2026-08-17T14:49:00.000Z  $4417.2  ❌ REJECTED: Winning strength <N> below conviction threshold <N>
    2026-08-17T14:52:00.000Z  $4419.1  ❌ BASELINE OPPOSING-STRUCTURE VETO: BUY REJECTED: within <N> of a real RESISTANCE zone @ <N> (reacti
    2026-08-17T14:55:00.000Z  $4417.6  ❌ BASELINE OPPOSING-STRUCTURE VETO: BUY REJECTED: within <N> of a real RESISTANCE zone @ <N> (reacti
    2026-08-17T14:58:00.000Z  $4415.2  ❌ REJECTED: Winning strength <N> below conviction threshold <N>

  WINDOW SUMMARY: 340 attempts, 15 emissions
  emitted signals (ts, price, DIRECTION, confidence):
    2026-08-17T00:22:00.000Z  $4384.8  BUY      conf=0.8500
    2026-08-17T00:46:00.000Z  $4395.2  BUY      conf=0.8300
    2026-08-17T00:49:00.000Z  $4395.3  BUY      conf=0.9200
    2026-08-17T01:07:00.000Z  $4411.1  BUY      conf=0.8300
    2026-08-17T01:55:00.000Z  $4396.1  BUY      conf=0.8600
    2026-08-17T01:58:00.000Z  $4395.9  BUY      conf=0.8700
    2026-08-17T02:01:00.000Z  $4397.2  BUY      conf=0.9100
    2026-08-17T07:01:00.000Z  $4403.1  BUY      conf=0.8700
    2026-08-17T07:34:00.000Z  $4407.1  BUY      conf=0.9300
    2026-08-17T07:37:00.000Z  $4410.4  BUY      conf=0.9500
    2026-08-17T07:40:00.000Z  $4409.3  BUY      conf=0.9500
    2026-08-17T08:16:00.000Z  $4402.3  BUY      conf=0.9200
    2026-08-17T13:49:00.000Z  $4395.1  BUY      conf=0.8300
    2026-08-17T13:55:00.000Z  $4405.6  BUY      conf=0.8900
    2026-08-17T14:01:00.000Z  $4406.4  BUY      conf=0.9100
  DIRECTION TALLY: BUY=15 SELL=0 UNKNOWN=0
  ZONE BATCH STAMP (after replay): max updated_at=2026-08-17T19:30:10.12+00:00 rows=22

